[backblue.gif]
[fade.gif]
[index.html]
[www-pcmdi.llnl.gov/projects/ken/index.html]
[www-pcmdi.llnl.gov/projects/ken/AVHRR.gif]
[www-pcmdi.llnl.gov/projects/ken/Sperber_txt_files/filelist.html]
[www-pcmdi.llnl.gov/projects/ken/CCSM3.0.gif]
[www-pcmdi.llnl.gov/projects/ken/CGCM3.1_T47.gif]
[www-pcmdi.llnl.gov/projects/ken/CGCM3.1_T63.gif]
[www-pcmdi.llnl.gov/projects/ken/CNRM-CM3.gif]
[www-pcmdi.llnl.gov/projects/ken/CSIRO_Mk3.0.gif]
[www-pcmdi.llnl.gov/projects/ken/ECHAM5_MPI-OM.gif]
[www-pcmdi.llnl.gov/projects/ken/ECHO-G.gif]
[www-pcmdi.llnl.gov/projects/ken/ECHAM4_OPYC.gif]
[www-pcmdi.llnl.gov/projects/ken/FGOALS-g1.0.gif]
[www-pcmdi.llnl.gov/projects/ken/ECHO-G_MIUB.gif]
[www-pcmdi.llnl.gov/projects/ken/GFDL-CM2.1.gif]
[www-pcmdi.llnl.gov/projects/ken/GFDL-CM2.0.gif]
[www-pcmdi.llnl.gov/projects/ken/IPSL-CM4.gif]
[www-pcmdi.llnl.gov/projects/ken/GISS-AOM.gif]
[www-pcmdi.llnl.gov/projects/ken/MIROC3.2_medres.gif]
[www-pcmdi.llnl.gov/projects/ken/MIROC3.2_hires.gif]
[www-pcmdi.llnl.gov/projects/ken/MRI-CGCM2.3.2.gif]
[www-pcmdi.llnl.gov/projects/ken/Sperber_Annamalai_BSISV_models_ClimDynam_2008.pdf]
